../Core/Src/main.c:84:6:DWT_Delay_Init	4	static
../Core/Src/main.c:90:6:delay_us	24	static
../Core/Src/main.c:96:6:DHT22_Set_Output	24	static
../Core/Src/main.c:104:6:DHT22_Set_Input	24	static
../Core/Src/main.c:112:9:DHT22_Read_Data	24	static
../Core/Src/main.c:154:6:SX1278_WriteReg	24	static
../Core/Src/main.c:162:9:SX1278_ReadReg	24	static
../Core/Src/main.c:171:6:SX1278_Init	8	static
../Core/Src/main.c:183:6:SX1278_Transmit	24	static
../Core/Src/main.c:195:6:SX1278_StartReceive	8	static
../Core/Src/main.c:202:6:SX1278_ReadPayload	32	static
../Core/Src/main.c:219:5:main	40	static
../Core/Src/main.c:295:6:SystemClock_Config	88	static
../Core/Src/main.c:340:13:MX_RTC_Init	16	static
../Core/Src/main.c:398:13:MX_SPI1_Init	8	static
../Core/Src/main.c:436:13:MX_USART1_UART_Init	8	static
../Core/Src/main.c:469:13:MX_GPIO_Init	40	static
../Core/Src/main.c:507:6:HAL_GPIO_EXTI_Callback	24	static
../Core/Src/main.c:524:6:HAL_RTC_AlarmAEventCallback	16	static
../Core/Src/main.c:532:6:Error_Handler	4	static,ignoring_inline_asm
