../Core/Src/main.c:78:6:DWT_Delay_Init	4	static
../Core/Src/main.c:84:6:delay_us	24	static
../Core/Src/main.c:90:6:DHT22_Set_Output	24	static
../Core/Src/main.c:98:6:DHT22_Set_Input	24	static
../Core/Src/main.c:106:9:DHT22_Read_Data	24	static
../Core/Src/main.c:148:6:SX1278_WriteReg	24	static
../Core/Src/main.c:156:9:SX1278_ReadReg	24	static
../Core/Src/main.c:165:6:SX1278_Init	8	static
../Core/Src/main.c:177:6:SX1278_Transmit	24	static
../Core/Src/main.c:189:6:SX1278_StartReceive	8	static
../Core/Src/main.c:196:6:SX1278_ReadPayload	32	static
../Core/Src/main.c:212:5:main	8	static,ignoring_inline_asm
../Core/Src/main.c:289:6:SystemClock_Config	88	static
../Core/Src/main.c:334:13:MX_RTC_Init	16	static
../Core/Src/main.c:392:13:MX_SPI1_Init	8	static
../Core/Src/main.c:430:13:MX_GPIO_Init	40	static
../Core/Src/main.c:468:6:HAL_GPIO_EXTI_Callback	24	static
../Core/Src/main.c:485:6:HAL_RTC_AlarmAEventCallback	16	static
../Core/Src/main.c:493:6:Error_Handler	4	static,ignoring_inline_asm
