../Core/Src/main.c:76:6:DWT_Delay_Init	4	static
../Core/Src/main.c:82:6:delay_us	24	static
../Core/Src/main.c:88:6:DHT22_Set_Output	24	static
../Core/Src/main.c:96:6:DHT22_Set_Input	24	static
../Core/Src/main.c:104:9:DHT22_Read_Data	24	static
../Core/Src/main.c:146:6:SX1278_WriteReg	24	static
../Core/Src/main.c:154:9:SX1278_ReadReg	24	static
../Core/Src/main.c:163:6:SX1278_Init	8	static
../Core/Src/main.c:175:6:SX1278_Transmit	24	static
../Core/Src/main.c:190:5:main	24	static,ignoring_inline_asm
../Core/Src/main.c:264:6:SystemClock_Config	88	static
../Core/Src/main.c:309:13:MX_RTC_Init	16	static
../Core/Src/main.c:367:13:MX_SPI1_Init	8	static
../Core/Src/main.c:405:13:MX_GPIO_Init	40	static
../Core/Src/main.c:443:6:HAL_GPIO_EXTI_Callback	24	static
../Core/Src/main.c:453:6:HAL_RTC_AlarmAEventCallback	16	static
../Core/Src/main.c:462:6:Error_Handler	4	static,ignoring_inline_asm
